<?xml version="1.0" encoding="UTF-8"?>
<ArdourMIDIBindings version="1.0.0" name="Open-CleverPAD">

<!-- 2019-07-28 DerFetzer: file created -->
  <DeviceInfo bank-size="8"/>

<!--  Rotary Encoders -->
  <Binding channel="1" enc-l="1" uri="/route/gain B1"/>
  <Binding channel="1" enc-l="2" uri="/route/gain B2"/>
  <Binding channel="1" enc-l="3" uri="/route/gain B3"/>
  <Binding channel="1" enc-l="4" uri="/route/gain B4"/>
  <Binding channel="1" enc-l="5" uri="/route/gain B5"/>
  <Binding channel="1" enc-l="6" uri="/route/gain B6"/>
  <Binding channel="1" enc-l="7" uri="/route/gain B7"/>
  <Binding channel="1" enc-l="8" uri="/route/gain B8"/>

  <Binding channel="2" enc-l="1" uri="/route/send/gain B1 1"/>
  <Binding channel="2" enc-l="2" uri="/route/send/gain B2 1"/>
  <Binding channel="2" enc-l="3" uri="/route/send/gain B3 1"/>
  <Binding channel="2" enc-l="4" uri="/route/send/gain B4 1"/>
  <Binding channel="2" enc-l="5" uri="/route/send/gain B5 1"/>
  <Binding channel="2" enc-l="6" uri="/route/send/gain B6 1"/>
  <Binding channel="2" enc-l="7" uri="/route/send/gain B7 1"/>
  <Binding channel="2" enc-l="8" uri="/route/send/gain B8 1"/>

  <Binding channel="3" enc-l="1" uri="/route/send/gain B1 2"/>
  <Binding channel="3" enc-l="2" uri="/route/send/gain B2 2"/>
  <Binding channel="3" enc-l="3" uri="/route/send/gain B3 2"/>
  <Binding channel="3" enc-l="4" uri="/route/send/gain B4 2"/>
  <Binding channel="3" enc-l="5" uri="/route/send/gain B5 2"/>
  <Binding channel="3" enc-l="6" uri="/route/send/gain B6 2"/>
  <Binding channel="3" enc-l="7" uri="/route/send/gain B7 2"/>
  <Binding channel="3" enc-l="8" uri="/route/send/gain B8 2"/>

  <Binding channel="4" enc-l="1" uri="/route/pandirection B1"/>
  <Binding channel="4" enc-l="2" uri="/route/pandirection B2"/>
  <Binding channel="4" enc-l="3" uri="/route/pandirection B3"/>
  <Binding channel="4" enc-l="4" uri="/route/pandirection B4"/>
  <Binding channel="4" enc-l="5" uri="/route/pandirection B5"/>
  <Binding channel="4" enc-l="6" uri="/route/pandirection B6"/>
  <Binding channel="4" enc-l="7" uri="/route/pandirection B7"/>
  <Binding channel="4" enc-l="8" uri="/route/pandirection B8"/>

  <Binding channel="5" enc-l="1" uri="/route/panwidth B1"/>
  <Binding channel="5" enc-l="2" uri="/route/panwidth B2"/>
  <Binding channel="5" enc-l="3" uri="/route/panwidth B3"/>
  <Binding channel="5" enc-l="4" uri="/route/panwidth B4"/>
  <Binding channel="5" enc-l="5" uri="/route/panwidth B5"/>
  <Binding channel="5" enc-l="6" uri="/route/panwidth B6"/>
  <Binding channel="5" enc-l="7" uri="/route/panwidth B7"/>
  <Binding channel="5" enc-l="8" uri="/route/panwidth B8"/>

  <Binding channel="6" enc-l="1" uri="/route/trim B1"/>
  <Binding channel="6" enc-l="2" uri="/route/trim B2"/>
  <Binding channel="6" enc-l="3" uri="/route/trim B3"/>
  <Binding channel="6" enc-l="4" uri="/route/trim B4"/>
  <Binding channel="6" enc-l="5" uri="/route/trim B5"/>
  <Binding channel="6" enc-l="6" uri="/route/trim B6"/>
  <Binding channel="6" enc-l="7" uri="/route/trim B7"/>
  <Binding channel="6" enc-l="8" uri="/route/trim B8"/>

  <!--  Pads -->
  <Binding channel="1" note="0"  uri="/route/solo B1" />
  <Binding channel="1" note="1"  uri="/route/solo B2" />
  <Binding channel="1" note="2"  uri="/route/solo B3" />
  <Binding channel="1" note="3"  uri="/route/solo B4" />
  <Binding channel="1" note="4"  uri="/route/solo B5" />
  <Binding channel="1" note="5"  uri="/route/solo B6" />
  <Binding channel="1" note="6"  uri="/route/solo B7" />
  <Binding channel="1" note="7"  uri="/route/solo B8" />

  <Binding channel="1" note="8"  uri="/route/mute B1" />
  <Binding channel="1" note="9"  uri="/route/mute B2" />
  <Binding channel="1" note="10"  uri="/route/mute B3" />
  <Binding channel="1" note="11"  uri="/route/mute B4" />
  <Binding channel="1" note="12"  uri="/route/mute B5" />
  <Binding channel="1" note="13"  uri="/route/mute B6" />
  <Binding channel="1" note="14"  uri="/route/mute B7" />
  <Binding channel="1" note="15"  uri="/route/mute B8" />

  <Binding channel="1" note="16"  uri="/route/recenable B1" />
  <Binding channel="1" note="17"  uri="/route/recenable B2" />
  <Binding channel="1" note="18"  uri="/route/recenable B3" />
  <Binding channel="1" note="19"  uri="/route/recenable B4" />
  <Binding channel="1" note="20"  uri="/route/recenable B5" />
  <Binding channel="1" note="21"  uri="/route/recenable B6" />
  <Binding channel="1" note="22"  uri="/route/recenable B7" />
  <Binding channel="1" note="23"  uri="/route/recenable B8" />

  <!--  Banks -->
  <Binding channel="9" note="2"  function="prev-bank" />
  <Binding channel="9" note="3"  function="next-bank" />


</ArdourMIDIBindings>
